
> pg95-claim-app@0.0.0 build
> vite build

node.exe : [33mYou 
are using Node.js 
22.11.0. Vite 
requires Node.js 
version 20.19+ or 
22.12+. Please 
upgrade your Node.js 
version.[39m
At C:\Program Files\n
odejs\npm.ps1:29 
char:3
+   & $NODE_EXE 
$NPM_CLI_JS $args
+   ~~~~~~~~~~~~~~~~~
~~~~~~~~~~~~
    + CategoryInfo   
           : NotSpe  
  cified: ([33mYo   
 u are us...s ver    
sion.[39m:Strin    
g) [], RemoteExc    
eption
    + FullyQualified 
   ErrorId : Native  
  CommandError
 
[36mvite v7.3.1 [32mbuilding client environment for production...[36m[39m
transforming...
Error: Cannot apply 
unknown utility 
class `bg-gray-50`. 
Are you using CSS 
modules or similar 
and missing 
`@reference`? https:/
/tailwindcss.com/docs
/functions-and-direct
ives#reference-direct
ive
    at 
onInvalidCandidate 
(C:\Users\Vania Cleme
ntine\.gemini\antigra
vity\scratch\pg95-cla
im-app\node_modules\t
ailwindcss\dist\lib.j
s:21:1314)
    at Te 
(C:\Users\Vania Cleme
ntine\.gemini\antigra
vity\scratch\pg95-cla
im-app\node_modules\t
ailwindcss\dist\lib.j
s:16:36652)
    at 
C:\Users\Vania Clemen
tine\.gemini\antigrav
ity\scratch\pg95-clai
m-app\node_modules\ta
ilwindcss\dist\lib.js
:21:355
    at Rr 
(C:\Users\Vania Cleme
ntine\.gemini\antigra
vity\scratch\pg95-cla
im-app\node_modules\t
ailwindcss\dist\lib.j
s:3:1718)
    at _ 
(C:\Users\Vania Cleme
ntine\.gemini\antigra
vity\scratch\pg95-cla
im-app\node_modules\t
ailwindcss\dist\lib.j
s:3:1377)
    at $e 
(C:\Users\Vania Cleme
ntine\.gemini\antigra
vity\scratch\pg95-cla
im-app\node_modules\t
ailwindcss\dist\lib.j
s:21:172)
    at un 
(C:\Users\Vania Cleme
ntine\.gemini\antigra
vity\scratch\pg95-cla
im-app\node_modules\t
ailwindcss\dist\lib.j
s:38:294)
    at async cn 
(C:\Users\Vania Cleme
ntine\.gemini\antigra
vity\scratch\pg95-cla
im-app\node_modules\t
ailwindcss\dist\lib.j
s:38:631)
    at async Xr 
(C:\Users\Vania Cleme
ntine\.gemini\antigra
vity\scratch\pg95-cla
im-app\node_modules\@
tailwindcss\node\dist
\index.js:10:3417)
    at async I 
(C:\Users\Vania Cleme
ntine\.gemini\antigra
vity\scratch\pg95-cla
im-app\node_modules\@
tailwindcss\postcss\d
ist\index.js:10:3977)
[32mΓ£ô[39m 9 modules transformed.
[31mΓ£ù[39m Build 
failed in 487ms
[31merror during 
build:
[31m[vite:css] 
[postcss] 
tailwindcss: 
C:/Users/Vania Clemen
tine/.gemini/antigrav
ity/scratch/pg95-clai
m-app/src/index.css:1
:1: Cannot apply 
unknown utility 
class `bg-gray-50`. 
Are you using CSS 
modules or similar 
and missing 
`@reference`? https:/
/tailwindcss.com/docs
/functions-and-direct
ives#reference-direct
ive[31m
file: 
[36mC:/Users/Vania C
lementine/.gemini/ant
igravity/scratch/pg95
-claim-app/src/index.
css:1:0[31m
    at Input.error 
(C:\Users\Vania Cleme
ntine\.gemini\antigra
vity\scratch\pg95-cla
im-app\node_modules\p
ostcss\lib\input.js:1
35:16)
    at Root.error 
(C:\Users\Vania Cleme
ntine\.gemini\antigra
vity\scratch\pg95-cla
im-app\node_modules\p
ostcss\lib\node.js:14
6:32)
    at Object.Once 
(C:\Users\Vania Cleme
ntine\.gemini\antigra
vity\scratch\pg95-cla
im-app\node_modules\@
tailwindcss\postcss\d
ist\index.js:10:6911)
    at async 
LazyResult.runAsync 
(C:\Users\Vania Cleme
ntine\.gemini\antigra
vity\scratch\pg95-cla
im-app\node_modules\p
ostcss\lib\lazy-resul
t.js:293:11)
    at async 
runPostCSS (file:///C
:/Users/Vania%20Cleme
ntine/.gemini/antigra
vity/scratch/pg95-cla
im-app/node_modules/v
ite/dist/node/chunks/
config.js:30145:19)
    at async 
compilePostCSS (file:
///C:/Users/Vania%20C
lementine/.gemini/ant
igravity/scratch/pg95
-claim-app/node_modul
es/vite/dist/node/chu
nks/config.js:30129:6
)
    at async 
compileCSS (file:///C
:/Users/Vania%20Cleme
ntine/.gemini/antigra
vity/scratch/pg95-cla
im-app/node_modules/v
ite/dist/node/chunks/
config.js:30059:26)
    at async 
Object.handler (file:
///C:/Users/Vania%20C
lementine/.gemini/ant
igravity/scratch/pg95
-claim-app/node_modul
es/vite/dist/node/chu
nks/config.js:29592:5
4)
    at async 
transform (file:///C:
/Users/Vania%20Clemen
tine/.gemini/antigrav
ity/scratch/pg95-clai
m-app/node_modules/ro
llup/dist/es/shared/n
ode-entry.js:21239:16
)
    at async ModuleLo
ader.addModuleSource 
(file:///C:/Users/Van
ia%20Clementine/.gemi
ni/antigravity/scratc
h/pg95-claim-app/node
_modules/rollup/dist/
es/shared/node-entry.
js:21453:36)[39m
